[     674ms] [INFO] %cDownload the React DevTools for a better development experience: https://react.dev/link/react-devtools font-weight:bold @ webpack-internal:///(app-pages-browser)/./node_modules/next/dist/next-devtools/shared/forward-logs-shared.js:27
[     736ms] [LOG] [HMR] connected @ webpack-internal:///(app-pages-browser)/./node_modules/next/dist/next-devtools/shared/forward-logs-shared.js:27
[     876ms] [LOG] [Fast Refresh] rebuilding @ webpack-internal:///(app-pages-browser)/./node_modules/next/dist/next-devtools/shared/forward-logs-shared.js:27
[    1156ms] [LOG] [Fast Refresh] done in 281ms @ webpack-internal:///(app-pages-browser)/./node_modules/next/dist/next-devtools/shared/forward-logs-shared.js:27
[    1210ms] [LOG] [Fast Refresh] rebuilding @ webpack-internal:///(app-pages-browser)/./node_modules/next/dist/next-devtools/shared/forward-logs-shared.js:27
[    1383ms] [LOG] [Fast Refresh] done in 173ms @ webpack-internal:///(app-pages-browser)/./node_modules/next/dist/next-devtools/shared/forward-logs-shared.js:27
[  102216ms] [LOG] [HMR] connected @ webpack-internal:///(app-pages-browser)/./node_modules/next/dist/next-devtools/shared/forward-logs-shared.js:27
[  108273ms] [INFO] %cDownload the React DevTools for a better development experience: https://react.dev/link/react-devtools font-weight:bold @ webpack-internal:///(app-pages-browser)/./node_modules/next/dist/next-devtools/shared/forward-logs-shared.js:27
[  108329ms] [LOG] [HMR] connected @ webpack-internal:///(app-pages-browser)/./node_modules/next/dist/next-devtools/shared/forward-logs-shared.js:27
[  108753ms] [LOG] [Fast Refresh] rebuilding @ webpack-internal:///(app-pages-browser)/./node_modules/next/dist/next-devtools/shared/forward-logs-shared.js:27
[  109553ms] [LOG] [Fast Refresh] done in 800ms @ webpack-internal:///(app-pages-browser)/./node_modules/next/dist/next-devtools/shared/forward-logs-shared.js:27
[  109590ms] [LOG] [Fast Refresh] rebuilding @ webpack-internal:///(app-pages-browser)/./node_modules/next/dist/next-devtools/shared/forward-logs-shared.js:27
[  109993ms] [LOG] [Fast Refresh] done in 402ms @ webpack-internal:///(app-pages-browser)/./node_modules/next/dist/next-devtools/shared/forward-logs-shared.js:27
[  124662ms] [LOG] [Fast Refresh] rebuilding @ webpack-internal:///(app-pages-browser)/./node_modules/next/dist/next-devtools/shared/forward-logs-shared.js:27
[  124735ms] [ERROR] Module not found: SyntaxError: C:\Projects\GRO.WTH\app\package.json (directory description file): SyntaxError: C:\Projects\GRO.WTH\app\package.json (directory description file): SyntaxError: C:\Projects\GRO.WTH\app\package.json (directory description file): SyntaxError: Expected double-quoted property name in JSON at position 310 (line 14 column 1) @ webpack-internal:///(app-pages-browser)/./node_modules/next/dist/next-devtools/userspace/app/errors/intercept-console-error.js:51
[  124735ms] [ERROR] Module not found: SyntaxError: C:\Projects\GRO.WTH\app\package.json (directory description file): SyntaxError: C:\Projects\GRO.WTH\app\package.json (directory description file): SyntaxError: C:\Projects\GRO.WTH\app\package.json (directory description file): SyntaxError: Expected double-quoted property name in JSON at position 310 (line 14 column 1) @ webpack-internal:///(app-pages-browser)/./node_modules/next/dist/next-devtools/userspace/app/errors/intercept-console-error.js:51
[  124735ms] [ERROR] Module not found: SyntaxError: C:\Projects\GRO.WTH\app\package.json (directory description file): SyntaxError: C:\Projects\GRO.WTH\app\package.json (directory description file): SyntaxError: C:\Projects\GRO.WTH\app\package.json (directory description file): SyntaxError: Expected double-quoted property name in JSON at position 310 (line 14 column 1) @ webpack-internal:///(app-pages-browser)/./node_modules/next/dist/next-devtools/userspace/app/errors/intercept-console-error.js:51
[  124735ms] [ERROR] Module not found: SyntaxError: C:\Projects\GRO.WTH\app\package.json (directory description file): SyntaxError: C:\Projects\GRO.WTH\app\package.json (directory description file): SyntaxError: C:\Projects\GRO.WTH\app\package.json (directory description file): SyntaxError: Expected double-quoted property name in JSON at position 310 (line 14 column 1) @ webpack-internal:///(app-pages-browser)/./node_modules/next/dist/next-devtools/userspace/app/errors/intercept-console-error.js:51
[  124735ms] [ERROR] Module not found: SyntaxError: C:\Projects\GRO.WTH\app\package.json (directory description file): SyntaxError: C:\Projects\GRO.WTH\app\package.json (directory description file): SyntaxError: C:\Projects\GRO.WTH\app\package.json (directory description file): SyntaxError: Expected double-quoted property name in JSON at position 310 (line 14 column 1) @ webpack-internal:///(app-pages-browser)/./node_modules/next/dist/next-devtools/userspace/app/errors/intercept-console-error.js:51
[  124735ms] [ERROR] Module not found: SyntaxError: C:\Projects\GRO.WTH\app\package.json (directory description file): SyntaxError: C:\Projects\GRO.WTH\app\package.json (directory description file): SyntaxError: C:\Projects\GRO.WTH\app\package.json (directory description file): SyntaxError: C:\Projects\GRO.WTH\app\package.json (directory description file): SyntaxError: Expected double-quoted property name in JSON at position 310 (line 14 column 1) @ webpack-internal:///(app-pages-browser)/./node_modules/next/dist/next-devtools/userspace/app/errors/intercept-console-error.js:51
[  124736ms] [ERROR] Module not found: SyntaxError: C:\Projects\GRO.WTH\app\package.json (directory description file): SyntaxError: C:\Projects\GRO.WTH\app\package.json (directory description file): SyntaxError: Expected double-quoted property name in JSON at position 310 (line 14 column 1) @ webpack-internal:///(app-pages-browser)/./node_modules/next/dist/next-devtools/userspace/app/errors/intercept-console-error.js:51
[  124804ms] [LOG] [Fast Refresh] rebuilding @ webpack-internal:///(app-pages-browser)/./node_modules/next/dist/next-devtools/shared/forward-logs-shared.js:27
[  124809ms] [ERROR] Module not found: SyntaxError: C:\Projects\GRO.WTH\app\package.json (directory description file): SyntaxError: C:\Projects\GRO.WTH\app\package.json (directory description file): SyntaxError: C:\Projects\GRO.WTH\app\package.json (directory description file): SyntaxError: C:\Projects\GRO.WTH\app\package.json (directory description file): SyntaxError: C:\Projects\GRO.WTH\app\package.json (directory description file): SyntaxError: C:\Projects\GRO.WTH\app\package.json (directory description file): SyntaxError: C:\Projects\GRO.WTH\app\package.json (directory description file): SyntaxError: C:\Projects\GRO.WTH\app\package.json (directory description file): SyntaxError: C:\Projects\GRO.WTH\app\package.json (directory description file): SyntaxError: C:\Projects\GRO.WTH\app\package.json (directory description file): SyntaxError: C:\Projects\GRO.WTH\app\package.json (directory description file): SyntaxError: C:\Projects\GRO.WTH\app\package.json (directory description file): SyntaxError: C:\Projects\GRO.WTH\app\package.json (directory description file): SyntaxError: C:\Projects\GRO.WTH\app\package.json (directory description file): SyntaxError: Expected double-quoted property name in JSON at position 310 (line 14 column 1) @ webpack-internal:///(app-pages-browser)/./node_modules/next/dist/next-devtools/userspace/app/errors/intercept-console-error.js:51
[  124809ms] [ERROR] Module not found: SyntaxError: C:\Projects\GRO.WTH\app\package.json (directory description file): SyntaxError: C:\Projects\GRO.WTH\app\package.json (directory description file): SyntaxError: C:\Projects\GRO.WTH\app\package.json (directory description file): SyntaxError: C:\Projects\GRO.WTH\app\package.json (directory description file): SyntaxError: C:\Projects\GRO.WTH\app\package.json (directory description file): SyntaxError: C:\Projects\GRO.WTH\app\package.json (directory description file): SyntaxError: C:\Projects\GRO.WTH\app\package.json (directory description file): SyntaxError: C:\Projects\GRO.WTH\app\package.json (directory description file): SyntaxError: C:\Projects\GRO.WTH\app\package.json (directory description file): SyntaxError: C:\Projects\GRO.WTH\app\package.json (directory description file): SyntaxError: C:\Projects\GRO.WTH\app\package.json (directory description file): SyntaxError: C:\Projects\GRO.WTH\app\package.json (directory description file): SyntaxError: C:\Projects\GRO.WTH\app\package.json (directory description file): SyntaxError: C:\Projects\GRO.WTH\app\package.json (directory description file): SyntaxError: Expected double-quoted property name in JSON at position 310 (line 14 column 1) @ webpack-internal:///(app-pages-browser)/./node_modules/next/dist/next-devtools/userspace/app/errors/intercept-console-error.js:51
[  124809ms] [ERROR] Module not found: SyntaxError: C:\Projects\GRO.WTH\app\package.json (directory description file): SyntaxError: C:\Projects\GRO.WTH\app\package.json (directory description file): SyntaxError: C:\Projects\GRO.WTH\app\package.json (directory description file): SyntaxError: C:\Projects\GRO.WTH\app\package.json (directory description file): SyntaxError: C:\Projects\GRO.WTH\app\package.json (directory description file): SyntaxError: C:\Projects\GRO.WTH\app\package.json (directory description file): SyntaxError: C:\Projects\GRO.WTH\app\package.json (directory description file): SyntaxError: C:\Projects\GRO.WTH\app\package.json (directory description file): SyntaxError: C:\Projects\GRO.WTH\app\package.json (directory description file): SyntaxError: C:\Projects\GRO.WTH\app\package.json (directory description file): SyntaxError: C:\Projects\GRO.WTH\app\package.json (directory description file): SyntaxError: Expected double-quoted property name in JSON at position 310 (line 14 column 1) @ webpack-internal:///(app-pages-browser)/./node_modules/next/dist/next-devtools/userspace/app/errors/intercept-console-error.js:51
[  124809ms] [ERROR] Module not found: SyntaxError: C:\Projects\GRO.WTH\app\package.json (directory description file): SyntaxError: C:\Projects\GRO.WTH\app\package.json (directory description file): SyntaxError: C:\Projects\GRO.WTH\app\package.json (directory description file): SyntaxError: C:\Projects\GRO.WTH\app\package.json (directory description file): SyntaxError: C:\Projects\GRO.WTH\app\package.json (directory description file): SyntaxError: C:\Projects\GRO.WTH\app\package.json (directory description file): SyntaxError: C:\Projects\GRO.WTH\app\package.json (directory description file): SyntaxError: C:\Projects\GRO.WTH\app\package.json (directory description file): SyntaxError: C:\Projects\GRO.WTH\app\package.json (directory description file): SyntaxError: C:\Projects\GRO.WTH\app\package.json (directory description file): SyntaxError: C:\Projects\GRO.WTH\app\package.json (directory description file): SyntaxError: Expected double-quoted property name in JSON at position 310 (line 14 column 1) @ webpack-internal:///(app-pages-browser)/./node_modules/next/dist/next-devtools/userspace/app/errors/intercept-console-error.js:51
[  124809ms] [ERROR] Module not found: SyntaxError: C:\Projects\GRO.WTH\app\package.json (directory description file): SyntaxError: C:\Projects\GRO.WTH\app\package.json (directory description file): SyntaxError: C:\Projects\GRO.WTH\app\package.json (directory description file): SyntaxError: C:\Projects\GRO.WTH\app\package.json (directory description file): SyntaxError: C:\Projects\GRO.WTH\app\package.json (directory description file): SyntaxError: C:\Projects\GRO.WTH\app\package.json (directory description file): SyntaxError: C:\Projects\GRO.WTH\app\package.json (directory description file): SyntaxError: C:\Projects\GRO.WTH\app\package.json (directory description file): SyntaxError: C:\Projects\GRO.WTH\app\package.json (directory description file): SyntaxError: C:\Projects\GRO.WTH\app\package.json (directory description file): SyntaxError: C:\Projects\GRO.WTH\app\package.json (directory description file): SyntaxError: Expected double-quoted property name in JSON at position 310 (line 14 column 1) @ webpack-internal:///(app-pages-browser)/./node_modules/next/dist/next-devtools/userspace/app/errors/intercept-console-error.js:51
[  138007ms] [ERROR] Module not found: SyntaxError: C:\Projects\GRO.WTH\app\package.json (directory description file): SyntaxError: C:\Projects\GRO.WTH\app\package.json (directory description file): SyntaxError: C:\Projects\GRO.WTH\app\package.json (directory description file): SyntaxError: C:\Projects\GRO.WTH\app\package.json (directory description file): SyntaxError: C:\Projects\GRO.WTH\app\package.json (directory description file): SyntaxError: C:\Projects\GRO.WTH\app\package.json (directory description file): SyntaxError: C:\Projects\GRO.WTH\app\package.json (directory description file): SyntaxError: C:\Projects\GRO.WTH\app\package.json (directory description file): SyntaxError: C:\Projects\GRO.WTH\app\package.json (directory description file): SyntaxError: C:\Projects\GRO.WTH\app\package.json (directory description file): SyntaxError: C:\Projects\GRO.WTH\app\package.json (directory description file): SyntaxError: C:\Projects\GRO.WTH\app\package.json (directory description file): SyntaxError: C:\Projects\GRO.WTH\app\package.json (directory description file): SyntaxError: C:\Projects\GRO.WTH\app\package.json (directory description file): SyntaxError: C:\Projects\GRO.WTH\app\package.json (directory description file): SyntaxError: C:\Projects\GRO.WTH\app\package.json (directory description file): SyntaxError: C:\Projects\GRO.WTH\app\package.json (directory description file): SyntaxError: Expected double-quoted property name in JSON at position 310 (line 14 column 1) @ webpack-internal:///(app-pages-browser)/./node_modules/next/dist/next-devtools/userspace/app/errors/intercept-console-error.js:51
[  138007ms] [ERROR] Module not found: SyntaxError: C:\Projects\GRO.WTH\app\package.json (directory description file): SyntaxError: C:\Projects\GRO.WTH\app\package.json (directory description file): SyntaxError: C:\Projects\GRO.WTH\app\package.json (directory description file): SyntaxError: C:\Projects\GRO.WTH\app\package.json (directory description file): SyntaxError: C:\Projects\GRO.WTH\app\package.json (directory description file): SyntaxError: C:\Projects\GRO.WTH\app\package.json (directory description file): SyntaxError: C:\Projects\GRO.WTH\app\package.json (directory description file): SyntaxError: C:\Projects\GRO.WTH\app\package.json (directory description file): SyntaxError: C:\Projects\GRO.WTH\app\package.json (directory description file): SyntaxError: C:\Projects\GRO.WTH\app\package.json (directory description file): SyntaxError: C:\Projects\GRO.WTH\app\package.json (directory description file): SyntaxError: C:\Projects\GRO.WTH\app\package.json (directory description file): SyntaxError: C:\Projects\GRO.WTH\app\package.json (directory description file): SyntaxError: C:\Projects\GRO.WTH\app\package.json (directory description file): SyntaxError: C:\Projects\GRO.WTH\app\package.json (directory description file): SyntaxError: C:\Projects\GRO.WTH\app\package.json (directory description file): SyntaxError: C:\Projects\GRO.WTH\app\package.json (directory description file): SyntaxError: Expected double-quoted property name in JSON at position 310 (line 14 column 1) @ webpack-internal:///(app-pages-browser)/./node_modules/next/dist/next-devtools/userspace/app/errors/intercept-console-error.js:51
[  138007ms] [ERROR] Module not found: SyntaxError: C:\Projects\GRO.WTH\app\package.json (directory description file): SyntaxError: C:\Projects\GRO.WTH\app\package.json (directory description file): SyntaxError: C:\Projects\GRO.WTH\app\package.json (directory description file): SyntaxError: C:\Projects\GRO.WTH\app\package.json (directory description file): SyntaxError: C:\Projects\GRO.WTH\app\package.json (directory description file): SyntaxError: C:\Projects\GRO.WTH\app\package.json (directory description file): SyntaxError: C:\Projects\GRO.WTH\app\package.json (directory description file): SyntaxError: C:\Projects\GRO.WTH\app\package.json (directory description file): SyntaxError: C:\Projects\GRO.WTH\app\package.json (directory description file): SyntaxError: C:\Projects\GRO.WTH\app\package.json (directory description file): SyntaxError: C:\Projects\GRO.WTH\app\package.json (directory description file): SyntaxError: C:\Projects\GRO.WTH\app\package.json (directory description file): SyntaxError: C:\Projects\GRO.WTH\app\package.json (directory description file): SyntaxError: C:\Projects\GRO.WTH\app\package.json (directory description file): SyntaxError: C:\Projects\GRO.WTH\app\package.json (directory description file): SyntaxError: C:\Projects\GRO.WTH\app\package.json (directory description file): SyntaxError: C:\Projects\GRO.WTH\app\package.json (directory description file): SyntaxError: Expected double-quoted property name in JSON at position 310 (line 14 column 1) @ webpack-internal:///(app-pages-browser)/./node_modules/next/dist/next-devtools/userspace/app/errors/intercept-console-error.js:51
[  138007ms] [ERROR] Module not found: SyntaxError: C:\Projects\GRO.WTH\app\package.json (directory description file): SyntaxError: C:\Projects\GRO.WTH\app\package.json (directory description file): SyntaxError: C:\Projects\GRO.WTH\app\package.json (directory description file): SyntaxError: C:\Projects\GRO.WTH\app\package.json (directory description file): SyntaxError: C:\Projects\GRO.WTH\app\package.json (directory description file): SyntaxError: C:\Projects\GRO.WTH\app\package.json (directory description file): SyntaxError: C:\Projects\GRO.WTH\app\package.json (directory description file): SyntaxError: C:\Projects\GRO.WTH\app\package.json (directory description file): SyntaxError: C:\Projects\GRO.WTH\app\package.json (directory description file): SyntaxError: C:\Projects\GRO.WTH\app\package.json (directory description file): SyntaxError: C:\Projects\GRO.WTH\app\package.json (directory description file): SyntaxError: C:\Projects\GRO.WTH\app\package.json (directory description file): SyntaxError: C:\Projects\GRO.WTH\app\package.json (directory description file): SyntaxError: C:\Projects\GRO.WTH\app\package.json (directory description file): SyntaxError: C:\Projects\GRO.WTH\app\package.json (directory description file): SyntaxError: C:\Projects\GRO.WTH\app\package.json (directory description file): SyntaxError: C:\Projects\GRO.WTH\app\package.json (directory description file): SyntaxError: Expected double-quoted property name in JSON at position 310 (line 14 column 1) @ webpack-internal:///(app-pages-browser)/./node_modules/next/dist/next-devtools/userspace/app/errors/intercept-console-error.js:51
[  138007ms] [ERROR] Module not found: SyntaxError: C:\Projects\GRO.WTH\app\package.json (directory description file): SyntaxError: C:\Projects\GRO.WTH\app\package.json (directory description file): SyntaxError: C:\Projects\GRO.WTH\app\package.json (directory description file): SyntaxError: C:\Projects\GRO.WTH\app\package.json (directory description file): SyntaxError: C:\Projects\GRO.WTH\app\package.json (directory description file): SyntaxError: C:\Projects\GRO.WTH\app\package.json (directory description file): SyntaxError: C:\Projects\GRO.WTH\app\package.json (directory description file): SyntaxError: C:\Projects\GRO.WTH\app\package.json (directory description file): SyntaxError: C:\Projects\GRO.WTH\app\package.json (directory description file): SyntaxError: C:\Projects\GRO.WTH\app\package.json (directory description file): SyntaxError: C:\Projects\GRO.WTH\app\package.json (directory description file): SyntaxError: C:\Projects\GRO.WTH\app\package.json (directory description file): SyntaxError: C:\Projects\GRO.WTH\app\package.json (directory description file): SyntaxError: C:\Projects\GRO.WTH\app\package.json (directory description file): SyntaxError: C:\Projects\GRO.WTH\app\package.json (directory description file): SyntaxError: C:\Projects\GRO.WTH\app\package.json (directory description file): SyntaxError: C:\Projects\GRO.WTH\app\package.json (directory description file): SyntaxError: Expected double-quoted property name in JSON at position 310 (line 14 column 1) @ webpack-internal:///(app-pages-browser)/./node_modules/next/dist/next-devtools/userspace/app/errors/intercept-console-error.js:51
[  138007ms] [ERROR] Module not found: SyntaxError: C:\Projects\GRO.WTH\app\package.json (directory description file): SyntaxError: C:\Projects\GRO.WTH\app\package.json (directory description file): SyntaxError: C:\Projects\GRO.WTH\app\package.json (directory description file): SyntaxError: C:\Projects\GRO.WTH\app\package.json (directory description file): SyntaxError: C:\Projects\GRO.WTH\app\package.json (directory description file): SyntaxError: C:\Projects\GRO.WTH\app\package.json (directory description file): SyntaxError: C:\Projects\GRO.WTH\app\package.json (directory description file): SyntaxError: C:\Projects\GRO.WTH\app\package.json (directory description file): SyntaxError: C:\Projects\GRO.WTH\app\package.json (directory description file): SyntaxError: C:\Projects\GRO.WTH\app\package.json (directory description file): SyntaxError: C:\Projects\GRO.WTH\app\package.json (directory description file): SyntaxError: C:\Projects\GRO.WTH\app\package.json (directory description file): SyntaxError: C:\Projects\GRO.WTH\app\package.json (directory description file): SyntaxError: C:\Projects\GRO.WTH\app\package.json (directory description file): SyntaxError: C:\Projects\GRO.WTH\app\package.json (directory description file): SyntaxError: C:\Projects\GRO.WTH\app\package.json (directory description file): SyntaxError: C:\Projects\GRO.WTH\app\package.json (directory description file): SyntaxError: C:\Projects\GRO.WTH\app\package.json (directory description file): SyntaxError: Expected double-quoted property name in JSON at position 310 (line 14 column 1) @ webpack-internal:///(app-pages-browser)/./node_modules/next/dist/next-devtools/userspace/app/errors/intercept-console-error.js:51
[  138007ms] [ERROR] Module not found: SyntaxError: C:\Projects\GRO.WTH\app\package.json (directory description file): SyntaxError: C:\Projects\GRO.WTH\app\package.json (directory description file): SyntaxError: C:\Projects\GRO.WTH\app\package.json (directory description file): SyntaxError: C:\Projects\GRO.WTH\app\package.json (directory description file): SyntaxError: C:\Projects\GRO.WTH\app\package.json (directory description file): SyntaxError: C:\Projects\GRO.WTH\app\package.json (directory description file): SyntaxError: C:\Projects\GRO.WTH\app\package.json (directory description file): SyntaxError: C:\Projects\GRO.WTH\app\package.json (directory description file): SyntaxError: C:\Projects\GRO.WTH\app\package.json (directory description file): SyntaxError: C:\Projects\GRO.WTH\app\package.json (directory description file): SyntaxError: C:\Projects\GRO.WTH\app\package.json (directory description file): SyntaxError: C:\Projects\GRO.WTH\app\package.json (directory description file): SyntaxError: C:\Projects\GRO.WTH\app\package.json (directory description file): SyntaxError: C:\Projects\GRO.WTH\app\package.json (directory description file): SyntaxError: C:\Projects\GRO.WTH\app\package.json (directory description file): SyntaxError: C:\Projects\GRO.WTH\app\package.json (directory description file): SyntaxError: Expected double-quoted property name in JSON at position 310 (line 14 column 1) @ webpack-internal:///(app-pages-browser)/./node_modules/next/dist/next-devtools/userspace/app/errors/intercept-console-error.js:51
[  138595ms] [ERROR] ./src/components/character/CharacterSheet.tsx
Error:   x Merge conflict marker encountered.
    ,-[C:\Projects\GRO.WTH\app\src\components\character\CharacterSheet.tsx:29:1]
 26 |   overwhelmed: 'WIL 0', confused: 'WIS 0', incoherent: 'WIT 0',
 27 | };
 28 | 
 29 | <<<<<<< HEAD
    : ^^^^^^^
 30 | export default function CharacterSheet({ character, characterId, onRefresh }: CharacterSheetProps) {
 31 | =======
 31 | export default function CharacterSheet({ character }: CharacterSheetProps) {
    `----
  x Merge conflict marker encountered.
    ,-[C:\Projects\GRO.WTH\app\src\components\character\CharacterSheet.tsx:31:1]
 28 | 
 29 | <<<<<<< HEAD
 30 | export default function CharacterSheet({ character, characterId, onRefresh }: CharacterSheetProps) {
 31 | =======
    : ^^^^^^^
 32 | export default function CharacterSheet({ character }: CharacterSheetProps) {
 33 | >>>>>>> master
 33 |   const { identity, attributes, creation, conditions, traits, grovines } = character;
    `----
  x 'import', and 'export' cannot be used outside of module code
    ,-[C:\Projects\GRO.WTH\app\src\components\character\CharacterSheet.tsx:31:1]
 28 |     
 29 |     <<<<<<< HEAD
 30 |     export default function CharacterSheet({ character, characterId, onRefresh }: CharacterSheetProps) {
 31 | ,-> =======
 32 | `-> export default function CharacterSheet({ character }: CharacterSheetProps) {
 33 |     >>>>>>> master
 34 |       const { identity, attributes, creation, conditions, traits, grovines } = character;
 34 |       const activeConditions = Object.entries(conditions).filter(([, v]) => v);
    `----

Caused by:
    Syntax Error

Import trace for requested module:
./src/components/character/CharacterSheet.tsx
./src/app/character/[id]/CharacterPageClient.tsx @ webpack-internal:///(app-pages-browser)/./node_modules/next/dist/next-devtools/userspace/app/errors/intercept-console-error.js:51
[  138596ms] [ERROR] ./src/components/character/CharacterTab.tsx
Error:   x Expected ident
     ,-[C:\Projects\GRO.WTH\app\src\components\character\CharacterTab.tsx:103:1]
 100 |   // regardless of isGM/entityType gating. Used by Tapestry where GM always owns the
 101 |   // entity they're editing — bypasses the entityType round-trip from the API.
 102 |   canEdit?: boolean;
 103 | <<<<<<< HEAD
     :  ^
 104 |   // When set, this CharacterTab loads the specified character INSTEAD of userCharacter.
 105 |   // Used by in-canvas selection: clicking an entity in Tapestry > Entities switches
 105 |   // the active tab to 'character' and passes the entity id here so we never have to
     `----

Caused by:
    Syntax Error

Import trace for requested module:
./src/components/character/CharacterTab.tsx
./src/app/character/[id]/CharacterPageClient.tsx @ webpack-internal:///(app-pages-browser)/./node_modules/next/dist/next-devtools/userspace/app/errors/intercept-console-error.js:51
[  138635ms] [LOG] [Fast Refresh] rebuilding @ webpack-internal:///(app-pages-browser)/./node_modules/next/dist/next-devtools/shared/forward-logs-shared.js:27
[  138809ms] [ERROR] ./src/components/character/CharacterSheet.tsx
Error:   x Merge conflict marker encountered.
    ,-[C:\Projects\GRO.WTH\app\src\components\character\CharacterSheet.tsx:29:1]
 26 |   overwhelmed: 'WIL 0', confused: 'WIS 0', incoherent: 'WIT 0',
 27 | };
 28 | 
 29 | <<<<<<< HEAD
    : ^^^^^^^
 30 | export default function CharacterSheet({ character, characterId, onRefresh }: CharacterSheetProps) {
 31 | =======
 31 | export default function CharacterSheet({ character }: CharacterSheetProps) {
    `----
  x Merge conflict marker encountered.
    ,-[C:\Projects\GRO.WTH\app\src\components\character\CharacterSheet.tsx:31:1]
 28 | 
 29 | <<<<<<< HEAD
 30 | export default function CharacterSheet({ character, characterId, onRefresh }: CharacterSheetProps) {
 31 | =======
    : ^^^^^^^
 32 | export default function CharacterSheet({ character }: CharacterSheetProps) {
 33 | >>>>>>> master
 33 |   const { identity, attributes, creation, conditions, traits, grovines } = character;
    `----
  x 'import', and 'export' cannot be used outside of module code
    ,-[C:\Projects\GRO.WTH\app\src\components\character\CharacterSheet.tsx:31:1]
 28 |     
 29 |     <<<<<<< HEAD
 30 |     export default function CharacterSheet({ character, characterId, onRefresh }: CharacterSheetProps) {
 31 | ,-> =======
 32 | `-> export default function CharacterSheet({ character }: CharacterSheetProps) {
 33 |     >>>>>>> master
 34 |       const { identity, attributes, creation, conditions, traits, grovines } = character;
 34 |       const activeConditions = Object.entries(conditions).filter(([, v]) => v);
    `----

Caused by:
    Syntax Error

Import trace for requested module:
./src/components/character/CharacterSheet.tsx
./src/app/character/[id]/CharacterPageClient.tsx @ webpack-internal:///(app-pages-browser)/./node_modules/next/dist/next-devtools/userspace/app/errors/intercept-console-error.js:51
[  138809ms] [ERROR] ./src/components/character/CharacterTab.tsx
Error:   x Expected ident
     ,-[C:\Projects\GRO.WTH\app\src\components\character\CharacterTab.tsx:103:1]
 100 |   // regardless of isGM/entityType gating. Used by Tapestry where GM always owns the
 101 |   // entity they're editing — bypasses the entityType round-trip from the API.
 102 |   canEdit?: boolean;
 103 | <<<<<<< HEAD
     :  ^
 104 |   // When set, this CharacterTab loads the specified character INSTEAD of userCharacter.
 105 |   // Used by in-canvas selection: clicking an entity in Tapestry > Entities switches
 105 |   // the active tab to 'character' and passes the entity id here so we never have to
     `----

Caused by:
    Syntax Error

Import trace for requested module:
./src/components/character/CharacterTab.tsx
./src/app/character/[id]/CharacterPageClient.tsx @ webpack-internal:///(app-pages-browser)/./node_modules/next/dist/next-devtools/userspace/app/errors/intercept-console-error.js:51
[  139307ms] [ERROR] ./src/components/character/CharacterSheet.tsx
Error:   x Merge conflict marker encountered.
    ,-[C:\Projects\GRO.WTH\app\src\components\character\CharacterSheet.tsx:29:1]
 26 |   overwhelmed: 'WIL 0', confused: 'WIS 0', incoherent: 'WIT 0',
 27 | };
 28 | 
 29 | <<<<<<< HEAD
    : ^^^^^^^
 30 | export default function CharacterSheet({ character, characterId, onRefresh }: CharacterSheetProps) {
 31 | =======
 31 | export default function CharacterSheet({ character }: CharacterSheetProps) {
    `----
  x Merge conflict marker encountered.
    ,-[C:\Projects\GRO.WTH\app\src\components\character\CharacterSheet.tsx:31:1]
 28 | 
 29 | <<<<<<< HEAD
 30 | export default function CharacterSheet({ character, characterId, onRefresh }: CharacterSheetProps) {
 31 | =======
    : ^^^^^^^
 32 | export default function CharacterSheet({ character }: CharacterSheetProps) {
 33 | >>>>>>> master
 33 |   const { identity, attributes, creation, conditions, traits, grovines } = character;
    `----
  x 'import', and 'export' cannot be used outside of module code
    ,-[C:\Projects\GRO.WTH\app\src\components\character\CharacterSheet.tsx:31:1]
 28 |     
 29 |     <<<<<<< HEAD
 30 |     export default function CharacterSheet({ character, characterId, onRefresh }: CharacterSheetProps) {
 31 | ,-> =======
 32 | `-> export default function CharacterSheet({ character }: CharacterSheetProps) {
 33 |     >>>>>>> master
 34 |       const { identity, attributes, creation, conditions, traits, grovines } = character;
 34 |       const activeConditions = Object.entries(conditions).filter(([, v]) => v);
    `----

Caused by:
    Syntax Error

Import trace for requested module:
./src/components/character/CharacterSheet.tsx
./src/app/character/[id]/CharacterPageClient.tsx @ webpack-internal:///(app-pages-browser)/./node_modules/next/dist/next-devtools/userspace/app/errors/intercept-console-error.js:51
[  139308ms] [ERROR] ./src/components/character/CharacterTab.tsx
Error:   x Expected ident
     ,-[C:\Projects\GRO.WTH\app\src\components\character\CharacterTab.tsx:103:1]
 100 |   // regardless of isGM/entityType gating. Used by Tapestry where GM always owns the
 101 |   // entity they're editing — bypasses the entityType round-trip from the API.
 102 |   canEdit?: boolean;
 103 | <<<<<<< HEAD
     :  ^
 104 |   // When set, this CharacterTab loads the specified character INSTEAD of userCharacter.
 105 |   // Used by in-canvas selection: clicking an entity in Tapestry > Entities switches
 105 |   // the active tab to 'character' and passes the entity id here so we never have to
     `----

Caused by:
    Syntax Error

Import trace for requested module:
./src/components/character/CharacterTab.tsx
./src/app/character/[id]/CharacterPageClient.tsx @ webpack-internal:///(app-pages-browser)/./node_modules/next/dist/next-devtools/userspace/app/errors/intercept-console-error.js:51
[  139340ms] [ERROR] ./src/components/character/CharacterSheet.tsx
Error:   x Merge conflict marker encountered.
    ,-[C:\Projects\GRO.WTH\app\src\components\character\CharacterSheet.tsx:29:1]
 26 |   overwhelmed: 'WIL 0', confused: 'WIS 0', incoherent: 'WIT 0',
 27 | };
 28 | 
 29 | <<<<<<< HEAD
    : ^^^^^^^
 30 | export default function CharacterSheet({ character, characterId, onRefresh }: CharacterSheetProps) {
 31 | =======
 31 | export default function CharacterSheet({ character }: CharacterSheetProps) {
    `----
  x Merge conflict marker encountered.
    ,-[C:\Projects\GRO.WTH\app\src\components\character\CharacterSheet.tsx:31:1]
 28 | 
 29 | <<<<<<< HEAD
 30 | export default function CharacterSheet({ character, characterId, onRefresh }: CharacterSheetProps) {
 31 | =======
    : ^^^^^^^
 32 | export default function CharacterSheet({ character }: CharacterSheetProps) {
 33 | >>>>>>> master
 33 |   const { identity, attributes, creation, conditions, traits, grovines } = character;
    `----
  x 'import', and 'export' cannot be used outside of module code
    ,-[C:\Projects\GRO.WTH\app\src\components\character\CharacterSheet.tsx:31:1]
 28 |     
 29 |     <<<<<<< HEAD
 30 |     export default function CharacterSheet({ character, characterId, onRefresh }: CharacterSheetProps) {
 31 | ,-> =======
 32 | `-> export default function CharacterSheet({ character }: CharacterSheetProps) {
 33 |     >>>>>>> master
 34 |       const { identity, attributes, creation, conditions, traits, grovines } = character;
 34 |       const activeConditions = Object.entries(conditions).filter(([, v]) => v);
    `----

Caused by:
    Syntax Error

Import trace for requested module:
./src/components/character/CharacterSheet.tsx
./src/app/character/[id]/CharacterPageClient.tsx @ webpack-internal:///(app-pages-browser)/./node_modules/next/dist/next-devtools/userspace/app/errors/intercept-console-error.js:51
[  139340ms] [ERROR] ./src/components/character/CharacterTab.tsx
Error:   x Expected ident
     ,-[C:\Projects\GRO.WTH\app\src\components\character\CharacterTab.tsx:103:1]
 100 |   // regardless of isGM/entityType gating. Used by Tapestry where GM always owns the
 101 |   // entity they're editing — bypasses the entityType round-trip from the API.
 102 |   canEdit?: boolean;
 103 | <<<<<<< HEAD
     :  ^
 104 |   // When set, this CharacterTab loads the specified character INSTEAD of userCharacter.
 105 |   // Used by in-canvas selection: clicking an entity in Tapestry > Entities switches
 105 |   // the active tab to 'character' and passes the entity id here so we never have to
     `----

Caused by:
    Syntax Error

Import trace for requested module:
./src/components/character/CharacterTab.tsx
./src/app/character/[id]/CharacterPageClient.tsx @ webpack-internal:///(app-pages-browser)/./node_modules/next/dist/next-devtools/userspace/app/errors/intercept-console-error.js:51
[  139346ms] [LOG] [Fast Refresh] rebuilding @ webpack-internal:///(app-pages-browser)/./node_modules/next/dist/next-devtools/shared/forward-logs-shared.js:27
[  140171ms] [LOG] [Fast Refresh] rebuilding @ webpack-internal:///(app-pages-browser)/./node_modules/next/dist/next-devtools/shared/forward-logs-shared.js:27
[  140200ms] [LOG] [Fast Refresh] done in 29ms @ webpack-internal:///(app-pages-browser)/./node_modules/next/dist/next-devtools/shared/forward-logs-shared.js:27
[  140287ms] [LOG] [Fast Refresh] done in 116ms @ webpack-internal:///(app-pages-browser)/./node_modules/next/dist/next-devtools/shared/forward-logs-shared.js:27
[  195028ms] [LOG] [Fast Refresh] rebuilding @ webpack-internal:///(app-pages-browser)/./node_modules/next/dist/next-devtools/shared/forward-logs-shared.js:27
[  195263ms] [LOG] [Fast Refresh] done in 235ms @ webpack-internal:///(app-pages-browser)/./node_modules/next/dist/next-devtools/shared/forward-logs-shared.js:27
[  362260ms] [LOG] [Fast Refresh] rebuilding @ webpack-internal:///(app-pages-browser)/./node_modules/next/dist/next-devtools/shared/forward-logs-shared.js:27
[  362474ms] [LOG] [Fast Refresh] done in 215ms @ webpack-internal:///(app-pages-browser)/./node_modules/next/dist/next-devtools/shared/forward-logs-shared.js:27
[  388040ms] [LOG] [Fast Refresh] rebuilding @ webpack-internal:///(app-pages-browser)/./node_modules/next/dist/next-devtools/shared/forward-logs-shared.js:27
[  388192ms] [LOG] [Fast Refresh] rebuilding @ webpack-internal:///(app-pages-browser)/./node_modules/next/dist/next-devtools/shared/forward-logs-shared.js:27
[  388211ms] [LOG] [Fast Refresh] done in 18ms @ webpack-internal:///(app-pages-browser)/./node_modules/next/dist/next-devtools/shared/forward-logs-shared.js:27
[  388459ms] [LOG] [Fast Refresh] done in 266ms @ webpack-internal:///(app-pages-browser)/./node_modules/next/dist/next-devtools/shared/forward-logs-shared.js:27
[  391475ms] [WARNING] The resource http://localhost:3000/_next/static/css/app/layout.css?v=1783679466505 was preloaded using link preload but not used within a few seconds from the window's load event. Please make sure it has an appropriate `as` value and it is preloaded intentionally. @ http://localhost:3000/character/cmrep1r8w0000r048egk8aifs:0
[  413158ms] [LOG] [HMR] connected @ webpack-internal:///(app-pages-browser)/./node_modules/next/dist/next-devtools/shared/forward-logs-shared.js:27
[  416160ms] [WARNING] The resource http://localhost:3000/_next/static/css/app/layout.css?v=1783679466505 was preloaded using link preload but not used within a few seconds from the window's load event. Please make sure it has an appropriate `as` value and it is preloaded intentionally. @ http://localhost:3000/character/cmrep1r8w0000r048egk8aifs:0
[  418951ms] [INFO] %cDownload the React DevTools for a better development experience: https://react.dev/link/react-devtools font-weight:bold @ webpack-internal:///(app-pages-browser)/./node_modules/next/dist/next-devtools/shared/forward-logs-shared.js:27
[  419016ms] [LOG] [HMR] connected @ webpack-internal:///(app-pages-browser)/./node_modules/next/dist/next-devtools/shared/forward-logs-shared.js:27
[  419585ms] [LOG] [Fast Refresh] rebuilding @ webpack-internal:///(app-pages-browser)/./node_modules/next/dist/next-devtools/shared/forward-logs-shared.js:27
[  420210ms] [LOG] [Fast Refresh] done in 626ms @ webpack-internal:///(app-pages-browser)/./node_modules/next/dist/next-devtools/shared/forward-logs-shared.js:27
[  420247ms] [LOG] [Fast Refresh] rebuilding @ webpack-internal:///(app-pages-browser)/./node_modules/next/dist/next-devtools/shared/forward-logs-shared.js:27
[  420653ms] [LOG] [Fast Refresh] done in 405ms @ webpack-internal:///(app-pages-browser)/./node_modules/next/dist/next-devtools/shared/forward-logs-shared.js:27
[47378432ms] [LOG] [Fast Refresh] rebuilding @ webpack-internal:///(app-pages-browser)/./node_modules/next/dist/next-devtools/shared/forward-logs-shared.js:27
[47378803ms] [LOG] [Fast Refresh] rebuilding @ webpack-internal:///(app-pages-browser)/./node_modules/next/dist/next-devtools/shared/forward-logs-shared.js:27
[47378866ms] [LOG] [Fast Refresh] done in 62ms @ webpack-internal:///(app-pages-browser)/./node_modules/next/dist/next-devtools/shared/forward-logs-shared.js:27
[47379101ms] [LOG] [Fast Refresh] done in 297ms @ webpack-internal:///(app-pages-browser)/./node_modules/next/dist/next-devtools/shared/forward-logs-shared.js:27
[47382129ms] [WARNING] The resource http://localhost:3000/_next/static/css/app/layout.css?v=1783726457168 was preloaded using link preload but not used within a few seconds from the window's load event. Please make sure it has an appropriate `as` value and it is preloaded intentionally. @ http://localhost:3000/character/cmrep1r8w0000r048egk8aifs:0
[47410213ms] [LOG] [Fast Refresh] rebuilding @ webpack-internal:///(app-pages-browser)/./node_modules/next/dist/next-devtools/shared/forward-logs-shared.js:27
[47410394ms] [LOG] [Fast Refresh] done in 180ms @ webpack-internal:///(app-pages-browser)/./node_modules/next/dist/next-devtools/shared/forward-logs-shared.js:27
[47412309ms] [LOG] [Fast Refresh] rebuilding @ webpack-internal:///(app-pages-browser)/./node_modules/next/dist/next-devtools/shared/forward-logs-shared.js:27
[47412449ms] [LOG] [Fast Refresh] rebuilding @ webpack-internal:///(app-pages-browser)/./node_modules/next/dist/next-devtools/shared/forward-logs-shared.js:27
[47412481ms] [LOG] [Fast Refresh] done in 32ms @ webpack-internal:///(app-pages-browser)/./node_modules/next/dist/next-devtools/shared/forward-logs-shared.js:27
[47412682ms] [LOG] [Fast Refresh] done in 232ms @ webpack-internal:///(app-pages-browser)/./node_modules/next/dist/next-devtools/shared/forward-logs-shared.js:27
[47415699ms] [WARNING] The resource http://localhost:3000/_next/static/css/app/layout.css?v=1783726457168 was preloaded using link preload but not used within a few seconds from the window's load event. Please make sure it has an appropriate `as` value and it is preloaded intentionally. @ http://localhost:3000/character/cmrep1r8w0000r048egk8aifs:0
[47536881ms] [LOG] [Fast Refresh] rebuilding @ webpack-internal:///(app-pages-browser)/./node_modules/next/dist/next-devtools/shared/forward-logs-shared.js:27
[47537046ms] [LOG] [Fast Refresh] rebuilding @ webpack-internal:///(app-pages-browser)/./node_modules/next/dist/next-devtools/shared/forward-logs-shared.js:27
[47537116ms] [LOG] [Fast Refresh] done in 71ms @ webpack-internal:///(app-pages-browser)/./node_modules/next/dist/next-devtools/shared/forward-logs-shared.js:27
[47537273ms] [LOG] [Fast Refresh] done in 228ms @ webpack-internal:///(app-pages-browser)/./node_modules/next/dist/next-devtools/shared/forward-logs-shared.js:27
[47540287ms] [WARNING] The resource http://localhost:3000/_next/static/css/app/layout.css?v=1783726615368 was preloaded using link preload but not used within a few seconds from the window's load event. Please make sure it has an appropriate `as` value and it is preloaded intentionally. @ http://localhost:3000/character/cmrep1r8w0000r048egk8aifs:0
[47540287ms] [WARNING] The resource http://localhost:3000/_next/static/css/app/layout.css?v=1783726457168 was preloaded using link preload but not used within a few seconds from the window's load event. Please make sure it has an appropriate `as` value and it is preloaded intentionally. @ http://localhost:3000/character/cmrep1r8w0000r048egk8aifs:0
[47561104ms] [LOG] [Fast Refresh] rebuilding @ webpack-internal:///(app-pages-browser)/./node_modules/next/dist/next-devtools/shared/forward-logs-shared.js:27
[47561227ms] [LOG] [Fast Refresh] rebuilding @ webpack-internal:///(app-pages-browser)/./node_modules/next/dist/next-devtools/shared/forward-logs-shared.js:27
[47561240ms] [LOG] [Fast Refresh] done in 13ms @ webpack-internal:///(app-pages-browser)/./node_modules/next/dist/next-devtools/shared/forward-logs-shared.js:27
[47561446ms] [LOG] [Fast Refresh] done in 220ms @ webpack-internal:///(app-pages-browser)/./node_modules/next/dist/next-devtools/shared/forward-logs-shared.js:27
[47563877ms] [LOG] [Fast Refresh] rebuilding @ webpack-internal:///(app-pages-browser)/./node_modules/next/dist/next-devtools/shared/forward-logs-shared.js:27
[47563990ms] [LOG] [Fast Refresh] rebuilding @ webpack-internal:///(app-pages-browser)/./node_modules/next/dist/next-devtools/shared/forward-logs-shared.js:27
[47564054ms] [LOG] [Fast Refresh] done in 64ms @ webpack-internal:///(app-pages-browser)/./node_modules/next/dist/next-devtools/shared/forward-logs-shared.js:27
[47564193ms] [LOG] [Fast Refresh] done in 203ms @ webpack-internal:///(app-pages-browser)/./node_modules/next/dist/next-devtools/shared/forward-logs-shared.js:27
[47567217ms] [WARNING] The resource http://localhost:3000/_next/static/css/app/layout.css?v=1783726642298 was preloaded using link preload but not used within a few seconds from the window's load event. Please make sure it has an appropriate `as` value and it is preloaded intentionally. @ http://localhost:3000/character/cmrep1r8w0000r048egk8aifs:0
[47567217ms] [WARNING] The resource http://localhost:3000/_next/static/css/app/layout.css?v=1783726639525 was preloaded using link preload but not used within a few seconds from the window's load event. Please make sure it has an appropriate `as` value and it is preloaded intentionally. @ http://localhost:3000/character/cmrep1r8w0000r048egk8aifs:0
[47567217ms] [WARNING] The resource http://localhost:3000/_next/static/css/app/layout.css?v=1783726615368 was preloaded using link preload but not used within a few seconds from the window's load event. Please make sure it has an appropriate `as` value and it is preloaded intentionally. @ http://localhost:3000/character/cmrep1r8w0000r048egk8aifs:0
[47567217ms] [WARNING] The resource http://localhost:3000/_next/static/css/app/layout.css?v=1783726457168 was preloaded using link preload but not used within a few seconds from the window's load event. Please make sure it has an appropriate `as` value and it is preloaded intentionally. @ http://localhost:3000/character/cmrep1r8w0000r048egk8aifs:0
[47572074ms] [LOG] [Fast Refresh] rebuilding @ webpack-internal:///(app-pages-browser)/./node_modules/next/dist/next-devtools/shared/forward-logs-shared.js:27
[47572193ms] [LOG] [Fast Refresh] rebuilding @ webpack-internal:///(app-pages-browser)/./node_modules/next/dist/next-devtools/shared/forward-logs-shared.js:27
[47572233ms] [LOG] [Fast Refresh] done in 41ms @ webpack-internal:///(app-pages-browser)/./node_modules/next/dist/next-devtools/shared/forward-logs-shared.js:27
[47572387ms] [LOG] [Fast Refresh] done in 194ms @ webpack-internal:///(app-pages-browser)/./node_modules/next/dist/next-devtools/shared/forward-logs-shared.js:27
[47575407ms] [WARNING] The resource http://localhost:3000/_next/static/css/app/layout.css?v=1783726642298 was preloaded using link preload but not used within a few seconds from the window's load event. Please make sure it has an appropriate `as` value and it is preloaded intentionally. @ http://localhost:3000/character/cmrep1r8w0000r048egk8aifs:0
[47575407ms] [WARNING] The resource http://localhost:3000/_next/static/css/app/layout.css?v=1783726639525 was preloaded using link preload but not used within a few seconds from the window's load event. Please make sure it has an appropriate `as` value and it is preloaded intentionally. @ http://localhost:3000/character/cmrep1r8w0000r048egk8aifs:0
[47575407ms] [WARNING] The resource http://localhost:3000/_next/static/css/app/layout.css?v=1783726615368 was preloaded using link preload but not used within a few seconds from the window's load event. Please make sure it has an appropriate `as` value and it is preloaded intentionally. @ http://localhost:3000/character/cmrep1r8w0000r048egk8aifs:0
[47575407ms] [WARNING] The resource http://localhost:3000/_next/static/css/app/layout.css?v=1783726457168 was preloaded using link preload but not used within a few seconds from the window's load event. Please make sure it has an appropriate `as` value and it is preloaded intentionally. @ http://localhost:3000/character/cmrep1r8w0000r048egk8aifs:0
[47608543ms] [LOG] [Fast Refresh] rebuilding @ webpack-internal:///(app-pages-browser)/./node_modules/next/dist/next-devtools/shared/forward-logs-shared.js:27
[47608680ms] [LOG] [Fast Refresh] rebuilding @ webpack-internal:///(app-pages-browser)/./node_modules/next/dist/next-devtools/shared/forward-logs-shared.js:27
[47608693ms] [LOG] [Fast Refresh] done in 13ms @ webpack-internal:///(app-pages-browser)/./node_modules/next/dist/next-devtools/shared/forward-logs-shared.js:27
[47609104ms] [LOG] [Fast Refresh] done in 425ms @ webpack-internal:///(app-pages-browser)/./node_modules/next/dist/next-devtools/shared/forward-logs-shared.js:27
[47612143ms] [WARNING] The resource http://localhost:3000/_next/static/css/app/layout.css?v=1783726642298 was preloaded using link preload but not used within a few seconds from the window's load event. Please make sure it has an appropriate `as` value and it is preloaded intentionally. @ http://localhost:3000/character/cmrep1r8w0000r048egk8aifs:0
[47612143ms] [WARNING] The resource http://localhost:3000/_next/static/css/app/layout.css?v=1783726639525 was preloaded using link preload but not used within a few seconds from the window's load event. Please make sure it has an appropriate `as` value and it is preloaded intentionally. @ http://localhost:3000/character/cmrep1r8w0000r048egk8aifs:0
[47612143ms] [WARNING] The resource http://localhost:3000/_next/static/css/app/layout.css?v=1783726615368 was preloaded using link preload but not used within a few seconds from the window's load event. Please make sure it has an appropriate `as` value and it is preloaded intentionally. @ http://localhost:3000/character/cmrep1r8w0000r048egk8aifs:0
[47612143ms] [WARNING] The resource http://localhost:3000/_next/static/css/app/layout.css?v=1783726457168 was preloaded using link preload but not used within a few seconds from the window's load event. Please make sure it has an appropriate `as` value and it is preloaded intentionally. @ http://localhost:3000/character/cmrep1r8w0000r048egk8aifs:0
[47618915ms] [LOG] [Fast Refresh] rebuilding @ webpack-internal:///(app-pages-browser)/./node_modules/next/dist/next-devtools/shared/forward-logs-shared.js:27
[47619169ms] [LOG] [Fast Refresh] rebuilding @ webpack-internal:///(app-pages-browser)/./node_modules/next/dist/next-devtools/shared/forward-logs-shared.js:27
[47619184ms] [LOG] [Fast Refresh] done in 16ms @ webpack-internal:///(app-pages-browser)/./node_modules/next/dist/next-devtools/shared/forward-logs-shared.js:27
[47619375ms] [LOG] [Fast Refresh] rebuilding @ webpack-internal:///(app-pages-browser)/./node_modules/next/dist/next-devtools/shared/forward-logs-shared.js:27
[47619409ms] [LOG] [Fast Refresh] done in 34ms @ webpack-internal:///(app-pages-browser)/./node_modules/next/dist/next-devtools/shared/forward-logs-shared.js:27
[47619413ms] [LOG] [Fast Refresh] done in 37ms @ webpack-internal:///(app-pages-browser)/./node_modules/next/dist/next-devtools/shared/forward-logs-shared.js:27
[47619433ms] [LOG] [Fast Refresh] rebuilding @ webpack-internal:///(app-pages-browser)/./node_modules/next/dist/next-devtools/shared/forward-logs-shared.js:27
[47619504ms] [LOG] [Fast Refresh] done in 71ms @ webpack-internal:///(app-pages-browser)/./node_modules/next/dist/next-devtools/shared/forward-logs-shared.js:27
[47622676ms] [WARNING] The resource http://localhost:3000/_next/static/css/app/layout.css?v=1783726642298 was preloaded using link preload but not used within a few seconds from the window's load event. Please make sure it has an appropriate `as` value and it is preloaded intentionally. @ http://localhost:3000/character/cmrep1r8w0000r048egk8aifs:0
[47622676ms] [WARNING] The resource http://localhost:3000/_next/static/css/app/layout.css?v=1783726639525 was preloaded using link preload but not used within a few seconds from the window's load event. Please make sure it has an appropriate `as` value and it is preloaded intentionally. @ http://localhost:3000/character/cmrep1r8w0000r048egk8aifs:0
[47622676ms] [WARNING] The resource http://localhost:3000/_next/static/css/app/layout.css?v=1783726697845 was preloaded using link preload but not used within a few seconds from the window's load event. Please make sure it has an appropriate `as` value and it is preloaded intentionally. @ http://localhost:3000/character/cmrep1r8w0000r048egk8aifs:0
[47622676ms] [WARNING] The resource http://localhost:3000/_next/static/css/app/layout.css?v=1783726615368 was preloaded using link preload but not used within a few seconds from the window's load event. Please make sure it has an appropriate `as` value and it is preloaded intentionally. @ http://localhost:3000/character/cmrep1r8w0000r048egk8aifs:0
[47622676ms] [WARNING] The resource http://localhost:3000/_next/static/css/app/layout.css?v=1783726457168 was preloaded using link preload but not used within a few seconds from the window's load event. Please make sure it has an appropriate `as` value and it is preloaded intentionally. @ http://localhost:3000/character/cmrep1r8w0000r048egk8aifs:0
[47625027ms] [LOG] [Fast Refresh] rebuilding @ webpack-internal:///(app-pages-browser)/./node_modules/next/dist/next-devtools/shared/forward-logs-shared.js:27
[47625201ms] [LOG] [Fast Refresh] rebuilding @ webpack-internal:///(app-pages-browser)/./node_modules/next/dist/next-devtools/shared/forward-logs-shared.js:27
[47625244ms] [LOG] [Fast Refresh] done in 43ms @ webpack-internal:///(app-pages-browser)/./node_modules/next/dist/next-devtools/shared/forward-logs-shared.js:27
[47625423ms] [LOG] [Fast Refresh] rebuilding @ webpack-internal:///(app-pages-browser)/./node_modules/next/dist/next-devtools/shared/forward-logs-shared.js:27
[47625467ms] [LOG] [Fast Refresh] done in 44ms @ webpack-internal:///(app-pages-browser)/./node_modules/next/dist/next-devtools/shared/forward-logs-shared.js:27
[47625562ms] [LOG] [Fast Refresh] done in 139ms @ webpack-internal:///(app-pages-browser)/./node_modules/next/dist/next-devtools/shared/forward-logs-shared.js:27
[47627862ms] [LOG] [Fast Refresh] rebuilding @ webpack-internal:///(app-pages-browser)/./node_modules/next/dist/next-devtools/shared/forward-logs-shared.js:27
[47628054ms] [LOG] [Fast Refresh] rebuilding @ webpack-internal:///(app-pages-browser)/./node_modules/next/dist/next-devtools/shared/forward-logs-shared.js:27
[47628093ms] [LOG] [Fast Refresh] done in 39ms @ webpack-internal:///(app-pages-browser)/./node_modules/next/dist/next-devtools/shared/forward-logs-shared.js:27
[47628258ms] [LOG] [Fast Refresh] done in 204ms @ webpack-internal:///(app-pages-browser)/./node_modules/next/dist/next-devtools/shared/forward-logs-shared.js:27
[47631153ms] [LOG] [Fast Refresh] rebuilding @ webpack-internal:///(app-pages-browser)/./node_modules/next/dist/next-devtools/shared/forward-logs-shared.js:27
[47631287ms] [WARNING] The resource http://localhost:3000/_next/static/css/app/layout.css?v=1783726642298 was preloaded using link preload but not used within a few seconds from the window's load event. Please make sure it has an appropriate `as` value and it is preloaded intentionally. @ http://localhost:3000/character/cmrep1r8w0000r048egk8aifs:0
[47631287ms] [WARNING] The resource http://localhost:3000/_next/static/css/app/layout.css?v=1783726706341 was preloaded using link preload but not used within a few seconds from the window's load event. Please make sure it has an appropriate `as` value and it is preloaded intentionally. @ http://localhost:3000/character/cmrep1r8w0000r048egk8aifs:0
[47631287ms] [WARNING] The resource http://localhost:3000/_next/static/css/app/layout.css?v=1783726697845 was preloaded using link preload but not used within a few seconds from the window's load event. Please make sure it has an appropriate `as` value and it is preloaded intentionally. @ http://localhost:3000/character/cmrep1r8w0000r048egk8aifs:0
[47631287ms] [WARNING] The resource http://localhost:3000/_next/static/css/app/layout.css?v=1783726615368 was preloaded using link preload but not used within a few seconds from the window's load event. Please make sure it has an appropriate `as` value and it is preloaded intentionally. @ http://localhost:3000/character/cmrep1r8w0000r048egk8aifs:0
[47631287ms] [WARNING] The resource http://localhost:3000/_next/static/css/app/layout.css?v=1783726706382 was preloaded using link preload but not used within a few seconds from the window's load event. Please make sure it has an appropriate `as` value and it is preloaded intentionally. @ http://localhost:3000/character/cmrep1r8w0000r048egk8aifs:0
[47631287ms] [WARNING] The resource http://localhost:3000/_next/static/css/app/layout.css?v=1783726639525 was preloaded using link preload but not used within a few seconds from the window's load event. Please make sure it has an appropriate `as` value and it is preloaded intentionally. @ http://localhost:3000/character/cmrep1r8w0000r048egk8aifs:0
[47631287ms] [WARNING] The resource http://localhost:3000/_next/static/css/app/layout.css?v=1783726457168 was preloaded using link preload but not used within a few seconds from the window's load event. Please make sure it has an appropriate `as` value and it is preloaded intentionally. @ http://localhost:3000/character/cmrep1r8w0000r048egk8aifs:0
[47631315ms] [LOG] [Fast Refresh] rebuilding @ webpack-internal:///(app-pages-browser)/./node_modules/next/dist/next-devtools/shared/forward-logs-shared.js:27
[47631371ms] [LOG] [Fast Refresh] done in 57ms @ webpack-internal:///(app-pages-browser)/./node_modules/next/dist/next-devtools/shared/forward-logs-shared.js:27
[47631552ms] [LOG] [Fast Refresh] rebuilding @ webpack-internal:///(app-pages-browser)/./node_modules/next/dist/next-devtools/shared/forward-logs-shared.js:27
[47631573ms] [LOG] [Fast Refresh] done in 20ms @ webpack-internal:///(app-pages-browser)/./node_modules/next/dist/next-devtools/shared/forward-logs-shared.js:27
[47631677ms] [LOG] [Fast Refresh] done in 124ms @ webpack-internal:///(app-pages-browser)/./node_modules/next/dist/next-devtools/shared/forward-logs-shared.js:27
[47634696ms] [WARNING] The resource http://localhost:3000/_next/static/css/app/layout.css?v=1783726642298 was preloaded using link preload but not used within a few seconds from the window's load event. Please make sure it has an appropriate `as` value and it is preloaded intentionally. @ http://localhost:3000/character/cmrep1r8w0000r048egk8aifs:0
[47634696ms] [WARNING] The resource http://localhost:3000/_next/static/css/app/layout.css?v=1783726706341 was preloaded using link preload but not used within a few seconds from the window's load event. Please make sure it has an appropriate `as` value and it is preloaded intentionally. @ http://localhost:3000/character/cmrep1r8w0000r048egk8aifs:0
[47634696ms] [WARNING] The resource http://localhost:3000/_next/static/css/app/layout.css?v=1783726697845 was preloaded using link preload but not used within a few seconds from the window's load event. Please make sure it has an appropriate `as` value and it is preloaded intentionally. @ http://localhost:3000/character/cmrep1r8w0000r048egk8aifs:0
[47634696ms] [WARNING] The resource http://localhost:3000/_next/static/css/app/layout.css?v=1783726615368 was preloaded using link preload but not used within a few seconds from the window's load event. Please make sure it has an appropriate `as` value and it is preloaded intentionally. @ http://localhost:3000/character/cmrep1r8w0000r048egk8aifs:0
[47634696ms] [WARNING] The resource http://localhost:3000/_next/static/css/app/layout.css?v=1783726706382 was preloaded using link preload but not used within a few seconds from the window's load event. Please make sure it has an appropriate `as` value and it is preloaded intentionally. @ http://localhost:3000/character/cmrep1r8w0000r048egk8aifs:0
[47634696ms] [WARNING] The resource http://localhost:3000/_next/static/css/app/layout.css?v=1783726639525 was preloaded using link preload but not used within a few seconds from the window's load event. Please make sure it has an appropriate `as` value and it is preloaded intentionally. @ http://localhost:3000/character/cmrep1r8w0000r048egk8aifs:0
[47634696ms] [WARNING] The resource http://localhost:3000/_next/static/css/app/layout.css?v=1783726457168 was preloaded using link preload but not used within a few seconds from the window's load event. Please make sure it has an appropriate `as` value and it is preloaded intentionally. @ http://localhost:3000/character/cmrep1r8w0000r048egk8aifs:0
[47635287ms] [LOG] [Fast Refresh] rebuilding @ webpack-internal:///(app-pages-browser)/./node_modules/next/dist/next-devtools/shared/forward-logs-shared.js:27
[47635478ms] [LOG] [Fast Refresh] rebuilding @ webpack-internal:///(app-pages-browser)/./node_modules/next/dist/next-devtools/shared/forward-logs-shared.js:27
[47635493ms] [LOG] [Fast Refresh] done in 16ms @ webpack-internal:///(app-pages-browser)/./node_modules/next/dist/next-devtools/shared/forward-logs-shared.js:27
[47635647ms] [LOG] [Fast Refresh] rebuilding @ webpack-internal:///(app-pages-browser)/./node_modules/next/dist/next-devtools/shared/forward-logs-shared.js:27
[47635675ms] [LOG] [Fast Refresh] done in 28ms @ webpack-internal:///(app-pages-browser)/./node_modules/next/dist/next-devtools/shared/forward-logs-shared.js:27
[47635679ms] [LOG] [Fast Refresh] done in 32ms @ webpack-internal:///(app-pages-browser)/./node_modules/next/dist/next-devtools/shared/forward-logs-shared.js:27
[47635699ms] [LOG] [Fast Refresh] rebuilding @ webpack-internal:///(app-pages-browser)/./node_modules/next/dist/next-devtools/shared/forward-logs-shared.js:27
[47635769ms] [LOG] [Fast Refresh] done in 71ms @ webpack-internal:///(app-pages-browser)/./node_modules/next/dist/next-devtools/shared/forward-logs-shared.js:27
[47638916ms] [WARNING] The resource http://localhost:3000/_next/static/css/app/layout.css?v=1783726642298 was preloaded using link preload but not used within a few seconds from the window's load event. Please make sure it has an appropriate `as` value and it is preloaded intentionally. @ http://localhost:3000/character/cmrep1r8w0000r048egk8aifs:0
[47638916ms] [WARNING] The resource http://localhost:3000/_next/static/css/app/layout.css?v=1783726706341 was preloaded using link preload but not used within a few seconds from the window's load event. Please make sure it has an appropriate `as` value and it is preloaded intentionally. @ http://localhost:3000/character/cmrep1r8w0000r048egk8aifs:0
[47638916ms] [WARNING] The resource http://localhost:3000/_next/static/css/app/layout.css?v=1783726697845 was preloaded using link preload but not used within a few seconds from the window's load event. Please make sure it has an appropriate `as` value and it is preloaded intentionally. @ http://localhost:3000/character/cmrep1r8w0000r048egk8aifs:0
[47638916ms] [WARNING] The resource http://localhost:3000/_next/static/css/app/layout.css?v=1783726615368 was preloaded using link preload but not used within a few seconds from the window's load event. Please make sure it has an appropriate `as` value and it is preloaded intentionally. @ http://localhost:3000/character/cmrep1r8w0000r048egk8aifs:0
[47638916ms] [WARNING] The resource http://localhost:3000/_next/static/css/app/layout.css?v=1783726706382 was preloaded using link preload but not used within a few seconds from the window's load event. Please make sure it has an appropriate `as` value and it is preloaded intentionally. @ http://localhost:3000/character/cmrep1r8w0000r048egk8aifs:0
[47638916ms] [WARNING] The resource http://localhost:3000/_next/static/css/app/layout.css?v=1783726639525 was preloaded using link preload but not used within a few seconds from the window's load event. Please make sure it has an appropriate `as` value and it is preloaded intentionally. @ http://localhost:3000/character/cmrep1r8w0000r048egk8aifs:0
[47638916ms] [WARNING] The resource http://localhost:3000/_next/static/css/app/layout.css?v=1783726714096 was preloaded using link preload but not used within a few seconds from the window's load event. Please make sure it has an appropriate `as` value and it is preloaded intentionally. @ http://localhost:3000/character/cmrep1r8w0000r048egk8aifs:0
[47638916ms] [WARNING] The resource http://localhost:3000/_next/static/css/app/layout.css?v=1783726457168 was preloaded using link preload but not used within a few seconds from the window's load event. Please make sure it has an appropriate `as` value and it is preloaded intentionally. @ http://localhost:3000/character/cmrep1r8w0000r048egk8aifs:0
[47684890ms] [LOG] [Fast Refresh] rebuilding @ webpack-internal:///(app-pages-browser)/./node_modules/next/dist/next-devtools/shared/forward-logs-shared.js:27
[47685038ms] [LOG] [Fast Refresh] rebuilding @ webpack-internal:///(app-pages-browser)/./node_modules/next/dist/next-devtools/shared/forward-logs-shared.js:27
[47685053ms] [LOG] [Fast Refresh] done in 15ms @ webpack-internal:///(app-pages-browser)/./node_modules/next/dist/next-devtools/shared/forward-logs-shared.js:27
[47685267ms] [LOG] [Fast Refresh] done in 230ms @ webpack-internal:///(app-pages-browser)/./node_modules/next/dist/next-devtools/shared/forward-logs-shared.js:27
[47688286ms] [WARNING] The resource http://localhost:3000/_next/static/css/app/layout.css?v=1783726642298 was preloaded using link preload but not used within a few seconds from the window's load event. Please make sure it has an appropriate `as` value and it is preloaded intentionally. @ http://localhost:3000/character/cmrep1r8w0000r048egk8aifs:0
[47688286ms] [WARNING] The resource http://localhost:3000/_next/static/css/app/layout.css?v=1783726706341 was preloaded using link preload but not used within a few seconds from the window's load event. Please make sure it has an appropriate `as` value and it is preloaded intentionally. @ http://localhost:3000/character/cmrep1r8w0000r048egk8aifs:0
[47688286ms] [WARNING] The resource http://localhost:3000/_next/static/css/app/layout.css?v=1783726697845 was preloaded using link preload but not used within a few seconds from the window's load event. Please make sure it has an appropriate `as` value and it is preloaded intentionally. @ http://localhost:3000/character/cmrep1r8w0000r048egk8aifs:0
[47688286ms] [WARNING] The resource http://localhost:3000/_next/static/css/app/layout.css?v=1783726615368 was preloaded using link preload but not used within a few seconds from the window's load event. Please make sure it has an appropriate `as` value and it is preloaded intentionally. @ http://localhost:3000/character/cmrep1r8w0000r048egk8aifs:0
[47688286ms] [WARNING] The resource http://localhost:3000/_next/static/css/app/layout.css?v=1783726763341 was preloaded using link preload but not used within a few seconds from the window's load event. Please make sure it has an appropriate `as` value and it is preloaded intentionally. @ http://localhost:3000/character/cmrep1r8w0000r048egk8aifs:0
[47688286ms] [WARNING] The resource http://localhost:3000/_next/static/css/app/layout.css?v=1783726706382 was preloaded using link preload but not used within a few seconds from the window's load event. Please make sure it has an appropriate `as` value and it is preloaded intentionally. @ http://localhost:3000/character/cmrep1r8w0000r048egk8aifs:0
[47688286ms] [WARNING] The resource http://localhost:3000/_next/static/css/app/layout.css?v=1783726639525 was preloaded using link preload but not used within a few seconds from the window's load event. Please make sure it has an appropriate `as` value and it is preloaded intentionally. @ http://localhost:3000/character/cmrep1r8w0000r048egk8aifs:0
[47688286ms] [WARNING] The resource http://localhost:3000/_next/static/css/app/layout.css?v=1783726714096 was preloaded using link preload but not used within a few seconds from the window's load event. Please make sure it has an appropriate `as` value and it is preloaded intentionally. @ http://localhost:3000/character/cmrep1r8w0000r048egk8aifs:0
[47688286ms] [WARNING] The resource http://localhost:3000/_next/static/css/app/layout.css?v=1783726457168 was preloaded using link preload but not used within a few seconds from the window's load event. Please make sure it has an appropriate `as` value and it is preloaded intentionally. @ http://localhost:3000/character/cmrep1r8w0000r048egk8aifs:0
[47718272ms] [LOG] [Fast Refresh] rebuilding @ webpack-internal:///(app-pages-browser)/./node_modules/next/dist/next-devtools/shared/forward-logs-shared.js:27
[47718395ms] [LOG] [Fast Refresh] rebuilding @ webpack-internal:///(app-pages-browser)/./node_modules/next/dist/next-devtools/shared/forward-logs-shared.js:27
[47718447ms] [LOG] [Fast Refresh] done in 52ms @ webpack-internal:///(app-pages-browser)/./node_modules/next/dist/next-devtools/shared/forward-logs-shared.js:27
[47718603ms] [LOG] [Fast Refresh] done in 208ms @ webpack-internal:///(app-pages-browser)/./node_modules/next/dist/next-devtools/shared/forward-logs-shared.js:27
[47720353ms] [LOG] [Fast Refresh] rebuilding @ webpack-internal:///(app-pages-browser)/./node_modules/next/dist/next-devtools/shared/forward-logs-shared.js:27
[47720519ms] [LOG] [Fast Refresh] done in 167ms @ webpack-internal:///(app-pages-browser)/./node_modules/next/dist/next-devtools/shared/forward-logs-shared.js:27
[47723546ms] [WARNING] The resource http://localhost:3000/_next/static/css/app/layout.css?v=1783726642298 was preloaded using link preload but not used within a few seconds from the window's load event. Please make sure it has an appropriate `as` value and it is preloaded intentionally. @ http://localhost:3000/character/cmrep1r8w0000r048egk8aifs:0
[47723546ms] [WARNING] The resource http://localhost:3000/_next/static/css/app/layout.css?v=1783726706341 was preloaded using link preload but not used within a few seconds from the window's load event. Please make sure it has an appropriate `as` value and it is preloaded intentionally. @ http://localhost:3000/character/cmrep1r8w0000r048egk8aifs:0
[47723546ms] [WARNING] The resource http://localhost:3000/_next/static/css/app/layout.css?v=1783726697845 was preloaded using link preload but not used within a few seconds from the window's load event. Please make sure it has an appropriate `as` value and it is preloaded intentionally. @ http://localhost:3000/character/cmrep1r8w0000r048egk8aifs:0
[47723546ms] [WARNING] The resource http://localhost:3000/_next/static/css/app/layout.css?v=1783726615368 was preloaded using link preload but not used within a few seconds from the window's load event. Please make sure it has an appropriate `as` value and it is preloaded intentionally. @ http://localhost:3000/character/cmrep1r8w0000r048egk8aifs:0
[47723546ms] [WARNING] The resource http://localhost:3000/_next/static/css/app/layout.css?v=1783726763341 was preloaded using link preload but not used within a few seconds from the window's load event. Please make sure it has an appropriate `as` value and it is preloaded intentionally. @ http://localhost:3000/character/cmrep1r8w0000r048egk8aifs:0
[47723546ms] [WARNING] The resource http://localhost:3000/_next/static/css/app/layout.css?v=1783726706382 was preloaded using link preload but not used within a few seconds from the window's load event. Please make sure it has an appropriate `as` value and it is preloaded intentionally. @ http://localhost:3000/character/cmrep1r8w0000r048egk8aifs:0
[47723546ms] [WARNING] The resource http://localhost:3000/_next/static/css/app/layout.css?v=1783726796696 was preloaded using link preload but not used within a few seconds from the window's load event. Please make sure it has an appropriate `as` value and it is preloaded intentionally. @ http://localhost:3000/character/cmrep1r8w0000r048egk8aifs:0
[47723546ms] [WARNING] The resource http://localhost:3000/_next/static/css/app/layout.css?v=1783726639525 was preloaded using link preload but not used within a few seconds from the window's load event. Please make sure it has an appropriate `as` value and it is preloaded intentionally. @ http://localhost:3000/character/cmrep1r8w0000r048egk8aifs:0
[47723546ms] [WARNING] The resource http://localhost:3000/_next/static/css/app/layout.css?v=1783726714096 was preloaded using link preload but not used within a few seconds from the window's load event. Please make sure it has an appropriate `as` value and it is preloaded intentionally. @ http://localhost:3000/character/cmrep1r8w0000r048egk8aifs:0
[47723546ms] [WARNING] The resource http://localhost:3000/_next/static/css/app/layout.css?v=1783726457168 was preloaded using link preload but not used within a few seconds from the window's load event. Please make sure it has an appropriate `as` value and it is preloaded intentionally. @ http://localhost:3000/character/cmrep1r8w0000r048egk8aifs:0
[47774437ms] [LOG] [Fast Refresh] rebuilding @ webpack-internal:///(app-pages-browser)/./node_modules/next/dist/next-devtools/shared/forward-logs-shared.js:27
[47775118ms] [LOG] [Fast Refresh] done in 681ms @ webpack-internal:///(app-pages-browser)/./node_modules/next/dist/next-devtools/shared/forward-logs-shared.js:27
[47778155ms] [WARNING] The resource http://localhost:3000/_next/static/css/app/layout.css?v=1783726642298 was preloaded using link preload but not used within a few seconds from the window's load event. Please make sure it has an appropriate `as` value and it is preloaded intentionally. @ http://localhost:3000/character/cmrep1r8w0000r048egk8aifs:0
[47778155ms] [WARNING] The resource http://localhost:3000/_next/static/css/app/layout.css?v=1783726706341 was preloaded using link preload but not used within a few seconds from the window's load event. Please make sure it has an appropriate `as` value and it is preloaded intentionally. @ http://localhost:3000/character/cmrep1r8w0000r048egk8aifs:0
[47778155ms] [WARNING] The resource http://localhost:3000/_next/static/css/app/layout.css?v=1783726697845 was preloaded using link preload but not used within a few seconds from the window's load event. Please make sure it has an appropriate `as` value and it is preloaded intentionally. @ http://localhost:3000/character/cmrep1r8w0000r048egk8aifs:0
[47778155ms] [WARNING] The resource http://localhost:3000/_next/static/css/app/layout.css?v=1783726615368 was preloaded using link preload but not used within a few seconds from the window's load event. Please make sure it has an appropriate `as` value and it is preloaded intentionally. @ http://localhost:3000/character/cmrep1r8w0000r048egk8aifs:0
[47778155ms] [WARNING] The resource http://localhost:3000/_next/static/css/app/layout.css?v=1783726763341 was preloaded using link preload but not used within a few seconds from the window's load event. Please make sure it has an appropriate `as` value and it is preloaded intentionally. @ http://localhost:3000/character/cmrep1r8w0000r048egk8aifs:0
[47778155ms] [WARNING] The resource http://localhost:3000/_next/static/css/app/layout.css?v=1783726706382 was preloaded using link preload but not used within a few seconds from the window's load event. Please make sure it has an appropriate `as` value and it is preloaded intentionally. @ http://localhost:3000/character/cmrep1r8w0000r048egk8aifs:0
[47778155ms] [WARNING] The resource http://localhost:3000/_next/static/css/app/layout.css?v=1783726796696 was preloaded using link preload but not used within a few seconds from the window's load event. Please make sure it has an appropriate `as` value and it is preloaded intentionally. @ http://localhost:3000/character/cmrep1r8w0000r048egk8aifs:0
[47778155ms] [WARNING] The resource http://localhost:3000/_next/static/css/app/layout.css?v=1783726639525 was preloaded using link preload but not used within a few seconds from the window's load event. Please make sure it has an appropriate `as` value and it is preloaded intentionally. @ http://localhost:3000/character/cmrep1r8w0000r048egk8aifs:0
[47778155ms] [WARNING] The resource http://localhost:3000/_next/static/css/app/layout.css?v=1783726714096 was preloaded using link preload but not used within a few seconds from the window's load event. Please make sure it has an appropriate `as` value and it is preloaded intentionally. @ http://localhost:3000/character/cmrep1r8w0000r048egk8aifs:0
[47778155ms] [WARNING] The resource http://localhost:3000/_next/static/css/app/layout.css?v=1783726457168 was preloaded using link preload but not used within a few seconds from the window's load event. Please make sure it has an appropriate `as` value and it is preloaded intentionally. @ http://localhost:3000/character/cmrep1r8w0000r048egk8aifs:0
[47841802ms] [LOG] [Fast Refresh] rebuilding @ webpack-internal:///(app-pages-browser)/./node_modules/next/dist/next-devtools/shared/forward-logs-shared.js:27
[47841946ms] [LOG] [Fast Refresh] rebuilding @ webpack-internal:///(app-pages-browser)/./node_modules/next/dist/next-devtools/shared/forward-logs-shared.js:27
[47841993ms] [LOG] [Fast Refresh] done in 47ms @ webpack-internal:///(app-pages-browser)/./node_modules/next/dist/next-devtools/shared/forward-logs-shared.js:27
[47842171ms] [LOG] [Fast Refresh] done in 225ms @ webpack-internal:///(app-pages-browser)/./node_modules/next/dist/next-devtools/shared/forward-logs-shared.js:27
[47845194ms] [WARNING] The resource http://localhost:3000/_next/static/css/app/layout.css?v=1783726706341 was preloaded using link preload but not used within a few seconds from the window's load event. Please make sure it has an appropriate `as` value and it is preloaded intentionally. @ http://localhost:3000/character/cmrep1r8w0000r048egk8aifs:0
[47845194ms] [WARNING] The resource http://localhost:3000/_next/static/css/app/layout.css?v=1783726615368 was preloaded using link preload but not used within a few seconds from the window's load event. Please make sure it has an appropriate `as` value and it is preloaded intentionally. @ http://localhost:3000/character/cmrep1r8w0000r048egk8aifs:0
[47845194ms] [WARNING] The resource http://localhost:3000/_next/static/css/app/layout.css?v=1783726763341 was preloaded using link preload but not used within a few seconds from the window's load event. Please make sure it has an appropriate `as` value and it is preloaded intentionally. @ http://localhost:3000/character/cmrep1r8w0000r048egk8aifs:0
[47845194ms] [WARNING] The resource http://localhost:3000/_next/static/css/app/layout.css?v=1783726796696 was preloaded using link preload but not used within a few seconds from the window's load event. Please make sure it has an appropriate `as` value and it is preloaded intentionally. @ http://localhost:3000/character/cmrep1r8w0000r048egk8aifs:0
[47845194ms] [WARNING] The resource http://localhost:3000/_next/static/css/app/layout.css?v=1783726642298 was preloaded using link preload but not used within a few seconds from the window's load event. Please make sure it has an appropriate `as` value and it is preloaded intentionally. @ http://localhost:3000/character/cmrep1r8w0000r048egk8aifs:0
[47845195ms] [WARNING] The resource http://localhost:3000/_next/static/css/app/layout.css?v=1783726697845 was preloaded using link preload but not used within a few seconds from the window's load event. Please make sure it has an appropriate `as` value and it is preloaded intentionally. @ http://localhost:3000/character/cmrep1r8w0000r048egk8aifs:0
[47845195ms] [WARNING] The resource http://localhost:3000/_next/static/css/app/layout.css?v=1783726706382 was preloaded using link preload but not used within a few seconds from the window's load event. Please make sure it has an appropriate `as` value and it is preloaded intentionally. @ http://localhost:3000/character/cmrep1r8w0000r048egk8aifs:0
[47845195ms] [WARNING] The resource http://localhost:3000/_next/static/css/app/layout.css?v=1783726639525 was preloaded using link preload but not used within a few seconds from the window's load event. Please make sure it has an appropriate `as` value and it is preloaded intentionally. @ http://localhost:3000/character/cmrep1r8w0000r048egk8aifs:0
[47845195ms] [WARNING] The resource http://localhost:3000/_next/static/css/app/layout.css?v=1783726920285 was preloaded using link preload but not used within a few seconds from the window's load event. Please make sure it has an appropriate `as` value and it is preloaded intentionally. @ http://localhost:3000/character/cmrep1r8w0000r048egk8aifs:0
[47845195ms] [WARNING] The resource http://localhost:3000/_next/static/css/app/layout.css?v=1783726714096 was preloaded using link preload but not used within a few seconds from the window's load event. Please make sure it has an appropriate `as` value and it is preloaded intentionally. @ http://localhost:3000/character/cmrep1r8w0000r048egk8aifs:0
[47845195ms] [WARNING] The resource http://localhost:3000/_next/static/css/app/layout.css?v=1783726457168 was preloaded using link preload but not used within a few seconds from the window's load event. Please make sure it has an appropriate `as` value and it is preloaded intentionally. @ http://localhost:3000/character/cmrep1r8w0000r048egk8aifs:0
[48038463ms] [LOG] [Fast Refresh] rebuilding @ webpack-internal:///(app-pages-browser)/./node_modules/next/dist/next-devtools/shared/forward-logs-shared.js:27
[48038607ms] [LOG] [Fast Refresh] rebuilding @ webpack-internal:///(app-pages-browser)/./node_modules/next/dist/next-devtools/shared/forward-logs-shared.js:27
[48038638ms] [LOG] [Fast Refresh] done in 32ms @ webpack-internal:///(app-pages-browser)/./node_modules/next/dist/next-devtools/shared/forward-logs-shared.js:27
[48038804ms] [LOG] [Fast Refresh] done in 198ms @ webpack-internal:///(app-pages-browser)/./node_modules/next/dist/next-devtools/shared/forward-logs-shared.js:27
[48041827ms] [WARNING] The resource http://localhost:3000/_next/static/css/app/layout.css?v=1783726706341 was preloaded using link preload but not used within a few seconds from the window's load event. Please make sure it has an appropriate `as` value and it is preloaded intentionally. @ http://localhost:3000/character/cmrep1r8w0000r048egk8aifs:0
[48041827ms] [WARNING] The resource http://localhost:3000/_next/static/css/app/layout.css?v=1783726615368 was preloaded using link preload but not used within a few seconds from the window's load event. Please make sure it has an appropriate `as` value and it is preloaded intentionally. @ http://localhost:3000/character/cmrep1r8w0000r048egk8aifs:0
[48041827ms] [WARNING] The resource http://localhost:3000/_next/static/css/app/layout.css?v=1783726763341 was preloaded using link preload but not used within a few seconds from the window's load event. Please make sure it has an appropriate `as` value and it is preloaded intentionally. @ http://localhost:3000/character/cmrep1r8w0000r048egk8aifs:0
[48041827ms] [WARNING] The resource http://localhost:3000/_next/static/css/app/layout.css?v=1783726796696 was preloaded using link preload but not used within a few seconds from the window's load event. Please make sure it has an appropriate `as` value and it is preloaded intentionally. @ http://localhost:3000/character/cmrep1r8w0000r048egk8aifs:0
[48041827ms] [WARNING] The resource http://localhost:3000/_next/static/css/app/layout.css?v=1783726642298 was preloaded using link preload but not used within a few seconds from the window's load event. Please make sure it has an appropriate `as` value and it is preloaded intentionally. @ http://localhost:3000/character/cmrep1r8w0000r048egk8aifs:0
[48041827ms] [WARNING] The resource http://localhost:3000/_next/static/css/app/layout.css?v=1783726697845 was preloaded using link preload but not used within a few seconds from the window's load event. Please make sure it has an appropriate `as` value and it is preloaded intentionally. @ http://localhost:3000/character/cmrep1r8w0000r048egk8aifs:0
[48041827ms] [WARNING] The resource http://localhost:3000/_next/static/css/app/layout.css?v=1783727116924 was preloaded using link preload but not used within a few seconds from the window's load event. Please make sure it has an appropriate `as` value and it is preloaded intentionally. @ http://localhost:3000/character/cmrep1r8w0000r048egk8aifs:0
[48041827ms] [WARNING] The resource http://localhost:3000/_next/static/css/app/layout.css?v=1783726706382 was preloaded using link preload but not used within a few seconds from the window's load event. Please make sure it has an appropriate `as` value and it is preloaded intentionally. @ http://localhost:3000/character/cmrep1r8w0000r048egk8aifs:0
[48041827ms] [WARNING] The resource http://localhost:3000/_next/static/css/app/layout.css?v=1783726639525 was preloaded using link preload but not used within a few seconds from the window's load event. Please make sure it has an appropriate `as` value and it is preloaded intentionally. @ http://localhost:3000/character/cmrep1r8w0000r048egk8aifs:0
[48041827ms] [WARNING] The resource http://localhost:3000/_next/static/css/app/layout.css?v=1783726920285 was preloaded using link preload but not used within a few seconds from the window's load event. Please make sure it has an appropriate `as` value and it is preloaded intentionally. @ http://localhost:3000/character/cmrep1r8w0000r048egk8aifs:0
[48041827ms] [WARNING] The resource http://localhost:3000/_next/static/css/app/layout.css?v=1783726714096 was preloaded using link preload but not used within a few seconds from the window's load event. Please make sure it has an appropriate `as` value and it is preloaded intentionally. @ http://localhost:3000/character/cmrep1r8w0000r048egk8aifs:0
[48041827ms] [WARNING] The resource http://localhost:3000/_next/static/css/app/layout.css?v=1783726457168 was preloaded using link preload but not used within a few seconds from the window's load event. Please make sure it has an appropriate `as` value and it is preloaded intentionally. @ http://localhost:3000/character/cmrep1r8w0000r048egk8aifs:0
[48061671ms] [LOG] [Fast Refresh] rebuilding @ webpack-internal:///(app-pages-browser)/./node_modules/next/dist/next-devtools/shared/forward-logs-shared.js:27
[48061829ms] [LOG] [Fast Refresh] done in 158ms @ webpack-internal:///(app-pages-browser)/./node_modules/next/dist/next-devtools/shared/forward-logs-shared.js:27
[48064866ms] [WARNING] The resource http://localhost:3000/_next/static/css/app/layout.css?v=1783726706341 was preloaded using link preload but not used within a few seconds from the window's load event. Please make sure it has an appropriate `as` value and it is preloaded intentionally. @ http://localhost:3000/character/cmrep1r8w0000r048egk8aifs:0
[48064866ms] [WARNING] The resource http://localhost:3000/_next/static/css/app/layout.css?v=1783726615368 was preloaded using link preload but not used within a few seconds from the window's load event. Please make sure it has an appropriate `as` value and it is preloaded intentionally. @ http://localhost:3000/character/cmrep1r8w0000r048egk8aifs:0
[48064866ms] [WARNING] The resource http://localhost:3000/_next/static/css/app/layout.css?v=1783726763341 was preloaded using link preload but not used within a few seconds from the window's load event. Please make sure it has an appropriate `as` value and it is preloaded intentionally. @ http://localhost:3000/character/cmrep1r8w0000r048egk8aifs:0
[48064866ms] [WARNING] The resource http://localhost:3000/_next/static/css/app/layout.css?v=1783726796696 was preloaded using link preload but not used within a few seconds from the window's load event. Please make sure it has an appropriate `as` value and it is preloaded intentionally. @ http://localhost:3000/character/cmrep1r8w0000r048egk8aifs:0
[48064866ms] [WARNING] The resource http://localhost:3000/_next/static/css/app/layout.css?v=1783726642298 was preloaded using link preload but not used within a few seconds from the window's load event. Please make sure it has an appropriate `as` value and it is preloaded intentionally. @ http://localhost:3000/character/cmrep1r8w0000r048egk8aifs:0
[48064866ms] [WARNING] The resource http://localhost:3000/_next/static/css/app/layout.css?v=1783726697845 was preloaded using link preload but not used within a few seconds from the window's load event. Please make sure it has an appropriate `as` value and it is preloaded intentionally. @ http://localhost:3000/character/cmrep1r8w0000r048egk8aifs:0
[48064866ms] [WARNING] The resource http://localhost:3000/_next/static/css/app/layout.css?v=1783727116924 was preloaded using link preload but not used within a few seconds from the window's load event. Please make sure it has an appropriate `as` value and it is preloaded intentionally. @ http://localhost:3000/character/cmrep1r8w0000r048egk8aifs:0
[48064866ms] [WARNING] The resource http://localhost:3000/_next/static/css/app/layout.css?v=1783726706382 was preloaded using link preload but not used within a few seconds from the window's load event. Please make sure it has an appropriate `as` value and it is preloaded intentionally. @ http://localhost:3000/character/cmrep1r8w0000r048egk8aifs:0
[48064866ms] [WARNING] The resource http://localhost:3000/_next/static/css/app/layout.css?v=1783726639525 was preloaded using link preload but not used within a few seconds from the window's load event. Please make sure it has an appropriate `as` value and it is preloaded intentionally. @ http://localhost:3000/character/cmrep1r8w0000r048egk8aifs:0
[48064866ms] [WARNING] The resource http://localhost:3000/_next/static/css/app/layout.css?v=1783726920285 was preloaded using link preload but not used within a few seconds from the window's load event. Please make sure it has an appropriate `as` value and it is preloaded intentionally. @ http://localhost:3000/character/cmrep1r8w0000r048egk8aifs:0
[48064866ms] [WARNING] The resource http://localhost:3000/_next/static/css/app/layout.css?v=1783726714096 was preloaded using link preload but not used within a few seconds from the window's load event. Please make sure it has an appropriate `as` value and it is preloaded intentionally. @ http://localhost:3000/character/cmrep1r8w0000r048egk8aifs:0
[48064866ms] [WARNING] The resource http://localhost:3000/_next/static/css/app/layout.css?v=1783726457168 was preloaded using link preload but not used within a few seconds from the window's load event. Please make sure it has an appropriate `as` value and it is preloaded intentionally. @ http://localhost:3000/character/cmrep1r8w0000r048egk8aifs:0
[48068367ms] [LOG] [Fast Refresh] rebuilding @ webpack-internal:///(app-pages-browser)/./node_modules/next/dist/next-devtools/shared/forward-logs-shared.js:27
[48068522ms] [LOG] [Fast Refresh] done in 155ms @ webpack-internal:///(app-pages-browser)/./node_modules/next/dist/next-devtools/shared/forward-logs-shared.js:27
[48071553ms] [WARNING] The resource http://localhost:3000/_next/static/css/app/layout.css?v=1783726706341 was preloaded using link preload but not used within a few seconds from the window's load event. Please make sure it has an appropriate `as` value and it is preloaded intentionally. @ http://localhost:3000/character/cmrep1r8w0000r048egk8aifs:0
[48071553ms] [WARNING] The resource http://localhost:3000/_next/static/css/app/layout.css?v=1783726615368 was preloaded using link preload but not used within a few seconds from the window's load event. Please make sure it has an appropriate `as` value and it is preloaded intentionally. @ http://localhost:3000/character/cmrep1r8w0000r048egk8aifs:0
[48071553ms] [WARNING] The resource http://localhost:3000/_next/static/css/app/layout.css?v=1783726763341 was preloaded using link preload but not used within a few seconds from the window's load event. Please make sure it has an appropriate `as` value and it is preloaded intentionally. @ http://localhost:3000/character/cmrep1r8w0000r048egk8aifs:0
[48071553ms] [WARNING] The resource http://localhost:3000/_next/static/css/app/layout.css?v=1783726796696 was preloaded using link preload but not used within a few seconds from the window's load event. Please make sure it has an appropriate `as` value and it is preloaded intentionally. @ http://localhost:3000/character/cmrep1r8w0000r048egk8aifs:0
[48071553ms] [WARNING] The resource http://localhost:3000/_next/static/css/app/layout.css?v=1783726642298 was preloaded using link preload but not used within a few seconds from the window's load event. Please make sure it has an appropriate `as` value and it is preloaded intentionally. @ http://localhost:3000/character/cmrep1r8w0000r048egk8aifs:0
[48071553ms] [WARNING] The resource http://localhost:3000/_next/static/css/app/layout.css?v=1783726697845 was preloaded using link preload but not used within a few seconds from the window's load event. Please make sure it has an appropriate `as` value and it is preloaded intentionally. @ http://localhost:3000/character/cmrep1r8w0000r048egk8aifs:0
[48071553ms] [WARNING] The resource http://localhost:3000/_next/static/css/app/layout.css?v=1783727116924 was preloaded using link preload but not used within a few seconds from the window's load event. Please make sure it has an appropriate `as` value and it is preloaded intentionally. @ http://localhost:3000/character/cmrep1r8w0000r048egk8aifs:0
[48071553ms] [WARNING] The resource http://localhost:3000/_next/static/css/app/layout.css?v=1783726706382 was preloaded using link preload but not used within a few seconds from the window's load event. Please make sure it has an appropriate `as` value and it is preloaded intentionally. @ http://localhost:3000/character/cmrep1r8w0000r048egk8aifs:0
[48071553ms] [WARNING] The resource http://localhost:3000/_next/static/css/app/layout.css?v=1783726639525 was preloaded using link preload but not used within a few seconds from the window's load event. Please make sure it has an appropriate `as` value and it is preloaded intentionally. @ http://localhost:3000/character/cmrep1r8w0000r048egk8aifs:0
[48071553ms] [WARNING] The resource http://localhost:3000/_next/static/css/app/layout.css?v=1783726920285 was preloaded using link preload but not used within a few seconds from the window's load event. Please make sure it has an appropriate `as` value and it is preloaded intentionally. @ http://localhost:3000/character/cmrep1r8w0000r048egk8aifs:0
[48071553ms] [WARNING] The resource http://localhost:3000/_next/static/css/app/layout.css?v=1783726714096 was preloaded using link preload but not used within a few seconds from the window's load event. Please make sure it has an appropriate `as` value and it is preloaded intentionally. @ http://localhost:3000/character/cmrep1r8w0000r048egk8aifs:0
[48071553ms] [WARNING] The resource http://localhost:3000/_next/static/css/app/layout.css?v=1783726457168 was preloaded using link preload but not used within a few seconds from the window's load event. Please make sure it has an appropriate `as` value and it is preloaded intentionally. @ http://localhost:3000/character/cmrep1r8w0000r048egk8aifs:0
